// Jest Snapshot v1, https://goo.gl/fbAQLP

exports[`Cohort Details Component should always render same html (snapshot) 1`] = `
<DocumentFragment>
  <div
    class="box"
  >
    <h3>
      COH001
    </h3>
    <dl>
      <dt>
        Name
      </dt>
      <dd>
        FSE Java FullStack
      </dd>
      <dt>
        Status
      </dt>
      <dd>
        ongoing
      </dd>
    </dl>
  </div>
</DocumentFragment>
`;
